// Jest Snapshot v1, https://goo.gl/fbAQLP

exports[`rendering basic tabs should navigate with the keyboard: keyed end 1`] = `
<DocumentFragment>
  <div>
    <div
      data-reach-tabs=""
    >
      <div
        data-reach-tab-list=""
        role="tablist"
      >
        <button
          aria-controls="panel--_REACH_ID_--0"
          aria-selected="false"
          data-reach-tab=""
          id="tab-1"
          role="tab"
          tabindex="-1"
          type="button"
        >
          Tab One
        </button>
        <button
          aria-controls="panel--_REACH_ID_--1"
          aria-selected="false"
          data-reach-tab=""
          id="tab-2"
          role="tab"
          tabindex="-1"
          type="button"
        >
          Tab Two
        </button>
        <button
          aria-controls="panel--_REACH_ID_--2"
          aria-selected="true"
          data-reach-tab=""
          data-selected=""
          id="tab-3"
          role="tab"
          tabindex="0"
          type="button"
        >
          Tab Three
        </button>
      </div>
      <div
        data-reach-tab-panels=""
      >
        <div
          aria-labelledby="tab--_REACH_ID_--0"
          data-reach-tab-panel=""
          hidden=""
          id="panel--_REACH_ID_--0"
          role="tabpanel"
          tabindex="-1"
        >
          <h1>
            one!
          </h1>
          <button>
            yo
          </button>
        </div>
        <div
          aria-labelledby="tab--_REACH_ID_--1"
          data-reach-tab-panel=""
          hidden=""
          id="panel--_REACH_ID_--1"
          role="tabpanel"
          tabindex="-1"
        >
          <h1>
            two!
          </h1>
        </div>
        <div
          aria-labelledby="tab--_REACH_ID_--2"
          data-reach-tab-panel=""
          id="panel--_REACH_ID_--2"
          role="tabpanel"
          tabindex="-1"
        >
          <h1>
            three!
          </h1>
        </div>
      </div>
    </div>
  </div>
</DocumentFragment>
`;

exports[`rendering basic tabs should navigate with the keyboard: keyed home 1`] = `
<DocumentFragment>
  <div>
    <div
      data-reach-tabs=""
    >
      <div
        data-reach-tab-list=""
        role="tablist"
      >
        <button
          aria-controls="panel--_REACH_ID_--0"
          aria-selected="true"
          data-reach-tab=""
          data-selected=""
          id="tab-1"
          role="tab"
          tabindex="0"
          type="button"
        >
          Tab One
        </button>
        <button
          aria-controls="panel--_REACH_ID_--1"
          aria-selected="false"
          data-reach-tab=""
          id="tab-2"
          role="tab"
          tabindex="-1"
          type="button"
        >
          Tab Two
        </button>
        <button
          aria-controls="panel--_REACH_ID_--2"
          aria-selected="false"
          data-reach-tab=""
          id="tab-3"
          role="tab"
          tabindex="-1"
          type="button"
        >
          Tab Three
        </button>
      </div>
      <div
        data-reach-tab-panels=""
      >
        <div
          aria-labelledby="tab--_REACH_ID_--0"
          data-reach-tab-panel=""
          id="panel--_REACH_ID_--0"
          role="tabpanel"
          tabindex="-1"
        >
          <h1>
            one!
          </h1>
          <button>
            yo
          </button>
        </div>
        <div
          aria-labelledby="tab--_REACH_ID_--1"
          data-reach-tab-panel=""
          hidden=""
          id="panel--_REACH_ID_--1"
          role="tabpanel"
          tabindex="-1"
        >
          <h1>
            two!
          </h1>
        </div>
        <div
          aria-labelledby="tab--_REACH_ID_--2"
          data-reach-tab-panel=""
          hidden=""
          id="panel--_REACH_ID_--2"
          role="tabpanel"
          tabindex="-1"
        >
          <h1>
            three!
          </h1>
        </div>
      </div>
    </div>
  </div>
</DocumentFragment>
`;

exports[`rendering basic tabs should navigate with the keyboard: keyed left to tab 2 1`] = `
<DocumentFragment>
  <div>
    <div
      data-reach-tabs=""
    >
      <div
        data-reach-tab-list=""
        role="tablist"
      >
        <button
          aria-controls="panel--_REACH_ID_--0"
          aria-selected="false"
          data-reach-tab=""
          id="tab-1"
          role="tab"
          tabindex="-1"
          type="button"
        >
          Tab One
        </button>
        <button
          aria-controls="panel--_REACH_ID_--1"
          aria-selected="true"
          data-reach-tab=""
          data-selected=""
          id="tab-2"
          role="tab"
          tabindex="0"
          type="button"
        >
          Tab Two
        </button>
        <button
          aria-controls="panel--_REACH_ID_--2"
          aria-selected="false"
          data-reach-tab=""
          id="tab-3"
          role="tab"
          tabindex="-1"
          type="button"
        >
          Tab Three
        </button>
      </div>
      <div
        data-reach-tab-panels=""
      >
        <div
          aria-labelledby="tab--_REACH_ID_--0"
          data-reach-tab-panel=""
          hidden=""
          id="panel--_REACH_ID_--0"
          role="tabpanel"
          tabindex="-1"
        >
          <h1>
            one!
          </h1>
          <button>
            yo
          </button>
        </div>
        <div
          aria-labelledby="tab--_REACH_ID_--1"
          data-reach-tab-panel=""
          id="panel--_REACH_ID_--1"
          role="tabpanel"
          tabindex="-1"
        >
          <h1>
            two!
          </h1>
        </div>
        <div
          aria-labelledby="tab--_REACH_ID_--2"
          data-reach-tab-panel=""
          hidden=""
          id="panel--_REACH_ID_--2"
          role="tabpanel"
          tabindex="-1"
        >
          <h1>
            three!
          </h1>
        </div>
      </div>
    </div>
  </div>
</DocumentFragment>
`;

exports[`rendering basic tabs should navigate with the keyboard: keyed left twice back to tab 3 1`] = `
<DocumentFragment>
  <div>
    <div
      data-reach-tabs=""
    >
      <div
        data-reach-tab-list=""
        role="tablist"
      >
        <button
          aria-controls="panel--_REACH_ID_--0"
          aria-selected="false"
          data-reach-tab=""
          id="tab-1"
          role="tab"
          tabindex="-1"
          type="button"
        >
          Tab One
        </button>
        <button
          aria-controls="panel--_REACH_ID_--1"
          aria-selected="false"
          data-reach-tab=""
          id="tab-2"
          role="tab"
          tabindex="-1"
          type="button"
        >
          Tab Two
        </button>
        <button
          aria-controls="panel--_REACH_ID_--2"
          aria-selected="true"
          data-reach-tab=""
          data-selected=""
          id="tab-3"
          role="tab"
          tabindex="0"
          type="button"
        >
          Tab Three
        </button>
      </div>
      <div
        data-reach-tab-panels=""
      >
        <div
          aria-labelledby="tab--_REACH_ID_--0"
          data-reach-tab-panel=""
          hidden=""
          id="panel--_REACH_ID_--0"
          role="tabpanel"
          tabindex="-1"
        >
          <h1>
            one!
          </h1>
          <button>
            yo
          </button>
        </div>
        <div
          aria-labelledby="tab--_REACH_ID_--1"
          data-reach-tab-panel=""
          hidden=""
          id="panel--_REACH_ID_--1"
          role="tabpanel"
          tabindex="-1"
        >
          <h1>
            two!
          </h1>
        </div>
        <div
          aria-labelledby="tab--_REACH_ID_--2"
          data-reach-tab-panel=""
          id="panel--_REACH_ID_--2"
          role="tabpanel"
          tabindex="-1"
        >
          <h1>
            three!
          </h1>
        </div>
      </div>
    </div>
  </div>
</DocumentFragment>
`;

exports[`rendering basic tabs should navigate with the keyboard: keyed right back to the start 1`] = `
<DocumentFragment>
  <div>
    <div
      data-reach-tabs=""
    >
      <div
        data-reach-tab-list=""
        role="tablist"
      >
        <button
          aria-controls="panel--_REACH_ID_--0"
          aria-selected="true"
          data-reach-tab=""
          data-selected=""
          id="tab-1"
          role="tab"
          tabindex="0"
          type="button"
        >
          Tab One
        </button>
        <button
          aria-controls="panel--_REACH_ID_--1"
          aria-selected="false"
          data-reach-tab=""
          id="tab-2"
          role="tab"
          tabindex="-1"
          type="button"
        >
          Tab Two
        </button>
        <button
          aria-controls="panel--_REACH_ID_--2"
          aria-selected="false"
          data-reach-tab=""
          id="tab-3"
          role="tab"
          tabindex="-1"
          type="button"
        >
          Tab Three
        </button>
      </div>
      <div
        data-reach-tab-panels=""
      >
        <div
          aria-labelledby="tab--_REACH_ID_--0"
          data-reach-tab-panel=""
          id="panel--_REACH_ID_--0"
          role="tabpanel"
          tabindex="-1"
        >
          <h1>
            one!
          </h1>
          <button>
            yo
          </button>
        </div>
        <div
          aria-labelledby="tab--_REACH_ID_--1"
          data-reach-tab-panel=""
          hidden=""
          id="panel--_REACH_ID_--1"
          role="tabpanel"
          tabindex="-1"
        >
          <h1>
            two!
          </h1>
        </div>
        <div
          aria-labelledby="tab--_REACH_ID_--2"
          data-reach-tab-panel=""
          hidden=""
          id="panel--_REACH_ID_--2"
          role="tabpanel"
          tabindex="-1"
        >
          <h1>
            three!
          </h1>
        </div>
      </div>
    </div>
  </div>
</DocumentFragment>
`;

exports[`rendering basic tabs should navigate with the keyboard: keyed right to tab 2 1`] = `
<DocumentFragment>
  <div>
    <div
      data-reach-tabs=""
    >
      <div
        data-reach-tab-list=""
        role="tablist"
      >
        <button
          aria-controls="panel--_REACH_ID_--0"
          aria-selected="false"
          data-reach-tab=""
          id="tab-1"
          role="tab"
          tabindex="-1"
          type="button"
        >
          Tab One
        </button>
        <button
          aria-controls="panel--_REACH_ID_--1"
          aria-selected="true"
          data-reach-tab=""
          data-selected=""
          id="tab-2"
          role="tab"
          tabindex="0"
          type="button"
        >
          Tab Two
        </button>
        <button
          aria-controls="panel--_REACH_ID_--2"
          aria-selected="false"
          data-reach-tab=""
          id="tab-3"
          role="tab"
          tabindex="-1"
          type="button"
        >
          Tab Three
        </button>
      </div>
      <div
        data-reach-tab-panels=""
      >
        <div
          aria-labelledby="tab--_REACH_ID_--0"
          data-reach-tab-panel=""
          hidden=""
          id="panel--_REACH_ID_--0"
          role="tabpanel"
          tabindex="-1"
        >
          <h1>
            one!
          </h1>
          <button>
            yo
          </button>
        </div>
        <div
          aria-labelledby="tab--_REACH_ID_--1"
          data-reach-tab-panel=""
          id="panel--_REACH_ID_--1"
          role="tabpanel"
          tabindex="-1"
        >
          <h1>
            two!
          </h1>
        </div>
        <div
          aria-labelledby="tab--_REACH_ID_--2"
          data-reach-tab-panel=""
          hidden=""
          id="panel--_REACH_ID_--2"
          role="tabpanel"
          tabindex="-1"
        >
          <h1>
            three!
          </h1>
        </div>
      </div>
    </div>
  </div>
</DocumentFragment>
`;

exports[`rendering basic tabs should navigate with the keyboard: keyed right to tab 3 1`] = `
<DocumentFragment>
  <div>
    <div
      data-reach-tabs=""
    >
      <div
        data-reach-tab-list=""
        role="tablist"
      >
        <button
          aria-controls="panel--_REACH_ID_--0"
          aria-selected="false"
          data-reach-tab=""
          id="tab-1"
          role="tab"
          tabindex="-1"
          type="button"
        >
          Tab One
        </button>
        <button
          aria-controls="panel--_REACH_ID_--1"
          aria-selected="false"
          data-reach-tab=""
          id="tab-2"
          role="tab"
          tabindex="-1"
          type="button"
        >
          Tab Two
        </button>
        <button
          aria-controls="panel--_REACH_ID_--2"
          aria-selected="true"
          data-reach-tab=""
          data-selected=""
          id="tab-3"
          role="tab"
          tabindex="0"
          type="button"
        >
          Tab Three
        </button>
      </div>
      <div
        data-reach-tab-panels=""
      >
        <div
          aria-labelledby="tab--_REACH_ID_--0"
          data-reach-tab-panel=""
          hidden=""
          id="panel--_REACH_ID_--0"
          role="tabpanel"
          tabindex="-1"
        >
          <h1>
            one!
          </h1>
          <button>
            yo
          </button>
        </div>
        <div
          aria-labelledby="tab--_REACH_ID_--1"
          data-reach-tab-panel=""
          hidden=""
          id="panel--_REACH_ID_--1"
          role="tabpanel"
          tabindex="-1"
        >
          <h1>
            two!
          </h1>
        </div>
        <div
          aria-labelledby="tab--_REACH_ID_--2"
          data-reach-tab-panel=""
          id="panel--_REACH_ID_--2"
          role="tabpanel"
          tabindex="-1"
        >
          <h1>
            three!
          </h1>
        </div>
      </div>
    </div>
  </div>
</DocumentFragment>
`;

exports[`rendering basic tabs should navigate with the keyboard: keyed right twice to tab 3 1`] = `
<DocumentFragment>
  <div>
    <div
      data-reach-tabs=""
    >
      <div
        data-reach-tab-list=""
        role="tablist"
      >
        <button
          aria-controls="panel--_REACH_ID_--0"
          aria-selected="false"
          data-reach-tab=""
          id="tab-1"
          role="tab"
          tabindex="-1"
          type="button"
        >
          Tab One
        </button>
        <button
          aria-controls="panel--_REACH_ID_--1"
          aria-selected="false"
          data-reach-tab=""
          id="tab-2"
          role="tab"
          tabindex="-1"
          type="button"
        >
          Tab Two
        </button>
        <button
          aria-controls="panel--_REACH_ID_--2"
          aria-selected="true"
          data-reach-tab=""
          data-selected=""
          id="tab-3"
          role="tab"
          tabindex="0"
          type="button"
        >
          Tab Three
        </button>
      </div>
      <div
        data-reach-tab-panels=""
      >
        <div
          aria-labelledby="tab--_REACH_ID_--0"
          data-reach-tab-panel=""
          hidden=""
          id="panel--_REACH_ID_--0"
          role="tabpanel"
          tabindex="-1"
        >
          <h1>
            one!
          </h1>
          <button>
            yo
          </button>
        </div>
        <div
          aria-labelledby="tab--_REACH_ID_--1"
          data-reach-tab-panel=""
          hidden=""
          id="panel--_REACH_ID_--1"
          role="tabpanel"
          tabindex="-1"
        >
          <h1>
            two!
          </h1>
        </div>
        <div
          aria-labelledby="tab--_REACH_ID_--2"
          data-reach-tab-panel=""
          id="panel--_REACH_ID_--2"
          role="tabpanel"
          tabindex="-1"
        >
          <h1>
            three!
          </h1>
        </div>
      </div>
    </div>
  </div>
</DocumentFragment>
`;

exports[`rendering basic tabs should navigate with the mouse: tab 1 clicked 1`] = `
<DocumentFragment>
  <div>
    <div
      data-reach-tabs=""
    >
      <div
        data-reach-tab-list=""
        role="tablist"
      >
        <button
          aria-controls="panel--_REACH_ID_--0"
          aria-selected="true"
          data-reach-tab=""
          data-selected=""
          id="tab-1"
          role="tab"
          tabindex="0"
          type="button"
        >
          Tab One
        </button>
        <button
          aria-controls="panel--_REACH_ID_--1"
          aria-selected="false"
          data-reach-tab=""
          id="tab-2"
          role="tab"
          tabindex="-1"
          type="button"
        >
          Tab Two
        </button>
        <button
          aria-controls="panel--_REACH_ID_--2"
          aria-selected="false"
          data-reach-tab=""
          id="tab-3"
          role="tab"
          tabindex="-1"
          type="button"
        >
          Tab Three
        </button>
      </div>
      <div
        data-reach-tab-panels=""
      >
        <div
          aria-labelledby="tab--_REACH_ID_--0"
          data-reach-tab-panel=""
          id="panel--_REACH_ID_--0"
          role="tabpanel"
          tabindex="-1"
        >
          <h1>
            one!
          </h1>
          <button>
            yo
          </button>
        </div>
        <div
          aria-labelledby="tab--_REACH_ID_--1"
          data-reach-tab-panel=""
          hidden=""
          id="panel--_REACH_ID_--1"
          role="tabpanel"
          tabindex="-1"
        >
          <h1>
            two!
          </h1>
        </div>
        <div
          aria-labelledby="tab--_REACH_ID_--2"
          data-reach-tab-panel=""
          hidden=""
          id="panel--_REACH_ID_--2"
          role="tabpanel"
          tabindex="-1"
        >
          <h1>
            three!
          </h1>
        </div>
      </div>
    </div>
  </div>
</DocumentFragment>
`;

exports[`rendering basic tabs should navigate with the mouse: tab 1 then 3 clicked 1`] = `
<DocumentFragment>
  <div>
    <div
      data-reach-tabs=""
    >
      <div
        data-reach-tab-list=""
        role="tablist"
      >
        <button
          aria-controls="panel--_REACH_ID_--0"
          aria-selected="false"
          data-reach-tab=""
          id="tab-1"
          role="tab"
          tabindex="-1"
          type="button"
        >
          Tab One
        </button>
        <button
          aria-controls="panel--_REACH_ID_--1"
          aria-selected="false"
          data-reach-tab=""
          id="tab-2"
          role="tab"
          tabindex="-1"
          type="button"
        >
          Tab Two
        </button>
        <button
          aria-controls="panel--_REACH_ID_--2"
          aria-selected="true"
          data-reach-tab=""
          data-selected=""
          id="tab-3"
          role="tab"
          tabindex="0"
          type="button"
        >
          Tab Three
        </button>
      </div>
      <div
        data-reach-tab-panels=""
      >
        <div
          aria-labelledby="tab--_REACH_ID_--0"
          data-reach-tab-panel=""
          hidden=""
          id="panel--_REACH_ID_--0"
          role="tabpanel"
          tabindex="-1"
        >
          <h1>
            one!
          </h1>
          <button>
            yo
          </button>
        </div>
        <div
          aria-labelledby="tab--_REACH_ID_--1"
          data-reach-tab-panel=""
          hidden=""
          id="panel--_REACH_ID_--1"
          role="tabpanel"
          tabindex="-1"
        >
          <h1>
            two!
          </h1>
        </div>
        <div
          aria-labelledby="tab--_REACH_ID_--2"
          data-reach-tab-panel=""
          id="panel--_REACH_ID_--2"
          role="tabpanel"
          tabindex="-1"
        >
          <h1>
            three!
          </h1>
        </div>
      </div>
    </div>
  </div>
</DocumentFragment>
`;

exports[`rendering basic tabs should navigate with the mouse: tab 2 clicked 1`] = `
<DocumentFragment>
  <div>
    <div
      data-reach-tabs=""
    >
      <div
        data-reach-tab-list=""
        role="tablist"
      >
        <button
          aria-controls="panel--_REACH_ID_--0"
          aria-selected="false"
          data-reach-tab=""
          id="tab-1"
          role="tab"
          tabindex="-1"
          type="button"
        >
          Tab One
        </button>
        <button
          aria-controls="panel--_REACH_ID_--1"
          aria-selected="true"
          data-reach-tab=""
          data-selected=""
          id="tab-2"
          role="tab"
          tabindex="0"
          type="button"
        >
          Tab Two
        </button>
        <button
          aria-controls="panel--_REACH_ID_--2"
          aria-selected="false"
          data-reach-tab=""
          id="tab-3"
          role="tab"
          tabindex="-1"
          type="button"
        >
          Tab Three
        </button>
      </div>
      <div
        data-reach-tab-panels=""
      >
        <div
          aria-labelledby="tab--_REACH_ID_--0"
          data-reach-tab-panel=""
          hidden=""
          id="panel--_REACH_ID_--0"
          role="tabpanel"
          tabindex="-1"
        >
          <h1>
            one!
          </h1>
          <button>
            yo
          </button>
        </div>
        <div
          aria-labelledby="tab--_REACH_ID_--1"
          data-reach-tab-panel=""
          id="panel--_REACH_ID_--1"
          role="tabpanel"
          tabindex="-1"
        >
          <h1>
            two!
          </h1>
        </div>
        <div
          aria-labelledby="tab--_REACH_ID_--2"
          data-reach-tab-panel=""
          hidden=""
          id="panel--_REACH_ID_--2"
          role="tabpanel"
          tabindex="-1"
        >
          <h1>
            three!
          </h1>
        </div>
      </div>
    </div>
  </div>
</DocumentFragment>
`;
